EXAMPLE_QUERY1 experiment8 481/481 1.000000
EXAMPLE_QUERY1 experiment10 355/481 0.738046
EXAMPLE_QUERY3 experiment2 481/481 1.000000
EXAMPLE_QUERY4 experiment1 387/481 0.804574
EXAMPLE_QUERY5 experiment3 481/481 1.000000
EXAMPLE_QUERY5 experiment6 481/481 1.000000
