*EXAMPLE_QUERY1 2
# 11 nodes examined
experiment8
experiment10
*EXAMPLE_QUERY2 0
# 3 nodes examined
*EXAMPLE_QUERY3 1
# 9 nodes examined
experiment2
*EXAMPLE_QUERY4 1
# 7 nodes examined
experiment1
*EXAMPLE_QUERY5 2
# 13 nodes examined
experiment3
experiment6
